// Jest Snapshot v1, https://goo.gl/fbAQLP

exports[`should render render correctly 1`] = `ReactWrapper {}`;
